---
http_interactions:
- request:
    method: post
    uri: https://calsapi.preint.cwds.io/rfa-1a-forms
    body:
      encoding: UTF-8
      string: "{}"
    headers:
      Content-type:
      - application/json
      Authorization:
      - "..UlVcfJ2RbNRn7pNq.eQP7eGnJGstEKbRIjFyO5lkBrPK9dCzkD7JztmnrNpF3syqRmmZWs7e8VOOaIuBycPJjvK-RC37hgKsHEWfDNla-Ksqqh0b1dqRRrKR3zba_l1njcKwm2zD8ADAhzaMRZ0unh8nl6JwyBmfI6XVFr8uMG8w7k9NcNYf8HB4RAB0gctnFrcwBFv9hqKWrbWPf4jE7MOhUD8y6AsYLSpp-kMPtScqYRmP6bin3GlU-keUKdn0mpdmQ4UCzR6n3wau858qxfKkamupsCTIMv-_U81g-KgLvGXDTTQWKlgNcvdiHGq3kIhL0iIVn-pGYwE4kaA8BG97pw5aGHQ89DUPbPrPHJrWSCpY79w8A4lKHhiFf7DgvVHPnKjTiWVaRYV-GcSarvV7VsVZ1stRvdqW2eDjSad36Ra-HTLba0x_4zUM3lEX3fkxwxVmDvugRG_cdbOTuuVjkaDrxvybg77iKYYDSkp5ClvqeRahwGNLOCqybz5ZzsjDc_eUEdJMRv_L-Jg6JfA2kZcJFdD5JrBxfONj-LQbtnx5CKNjhHVUN59t_uktJUBBVwZ9KHPl3SlJ5ztgd4bakP9wtPJ4UA-cPgApwddM059QgXL8jxDU-NO6zbRQ82yN3kSqObEpgOobiLH9u9NfGou9fhNScTF5hse64c_ccJw9Iovfq1kumn62DcKNRxKosFvIG_LDZgQsXh2h6dygLjRvi6XhgY0-8mqHfK03t-Kedhll1UiRTHavqPQk9cYymKUfSrrYDHTtteePf-dgoZ6rUVFpJEM8hAGcTZKim0ZtyGCuaLBzRplV1-i6TIhY6VMqP3YCwslL54OdEcGM7uUuhBQiooGTCjmY08DTV2FxhS-RAYVTE08ZrCLnuU00WBY0thTaJt5ZrCZi092bgEfjLK2y0wXIqtSQqVNNvPUR3F1O_19bzT7YKmJFBRAjd_5PUWrJx165LSlWwH1169OilaqqkLRwpBMfbIPS-Lz0-MTw9VaLGVzA_okTt8nUMe67FOj4J_WaONxRAUw_rxw.Nqj377fhoVsYagJouxNjAQ"
  response:
    status:
      code: 201
      message: 
    headers:
      content-security-policy:
      - default-src 'self' 'unsafe-inline';
      content-type:
      - application/json
      date:
      - Wed, 08 Nov 2017 21:12:12 GMT
      set-cookie:
      - rememberMe=deleteMe; Path=/; Max-Age=0; Expires=Tue, 07-Nov-2017 21:12:12
        GMT
      x-content-type-options:
      - nosniff
      x-frame-options:
      - deny
      x-xss-protection:
      - 1; mode=block
      content-length:
      - '78'
      connection:
      - keep-alive
    body:
      encoding: UTF-8
      string: |-
        {
          "id" : 47,
          "is_initial_application" : false,
          "is_other_type" : false
        }
    http_version: 
  recorded_at: Wed, 08 Nov 2017 21:12:12 GMT
- request:
    method: post
    uri: https://calsapi.preint.cwds.io/rfa-1a-forms/47/rfa-1c-forms
    body:
      encoding: UTF-8
      string: "{}"
    headers:
      Content-type:
      - application/json
      Authorization:
      - "..UlVcfJ2RbNRn7pNq.eQP7eGnJGstEKbRIjFyO5lkBrPK9dCzkD7JztmnrNpF3syqRmmZWs7e8VOOaIuBycPJjvK-RC37hgKsHEWfDNla-Ksqqh0b1dqRRrKR3zba_l1njcKwm2zD8ADAhzaMRZ0unh8nl6JwyBmfI6XVFr8uMG8w7k9NcNYf8HB4RAB0gctnFrcwBFv9hqKWrbWPf4jE7MOhUD8y6AsYLSpp-kMPtScqYRmP6bin3GlU-keUKdn0mpdmQ4UCzR6n3wau858qxfKkamupsCTIMv-_U81g-KgLvGXDTTQWKlgNcvdiHGq3kIhL0iIVn-pGYwE4kaA8BG97pw5aGHQ89DUPbPrPHJrWSCpY79w8A4lKHhiFf7DgvVHPnKjTiWVaRYV-GcSarvV7VsVZ1stRvdqW2eDjSad36Ra-HTLba0x_4zUM3lEX3fkxwxVmDvugRG_cdbOTuuVjkaDrxvybg77iKYYDSkp5ClvqeRahwGNLOCqybz5ZzsjDc_eUEdJMRv_L-Jg6JfA2kZcJFdD5JrBxfONj-LQbtnx5CKNjhHVUN59t_uktJUBBVwZ9KHPl3SlJ5ztgd4bakP9wtPJ4UA-cPgApwddM059QgXL8jxDU-NO6zbRQ82yN3kSqObEpgOobiLH9u9NfGou9fhNScTF5hse64c_ccJw9Iovfq1kumn62DcKNRxKosFvIG_LDZgQsXh2h6dygLjRvi6XhgY0-8mqHfK03t-Kedhll1UiRTHavqPQk9cYymKUfSrrYDHTtteePf-dgoZ6rUVFpJEM8hAGcTZKim0ZtyGCuaLBzRplV1-i6TIhY6VMqP3YCwslL54OdEcGM7uUuhBQiooGTCjmY08DTV2FxhS-RAYVTE08ZrCLnuU00WBY0thTaJt5ZrCZi092bgEfjLK2y0wXIqtSQqVNNvPUR3F1O_19bzT7YKmJFBRAjd_5PUWrJx165LSlWwH1169OilaqqkLRwpBMfbIPS-Lz0-MTw9VaLGVzA_okTt8nUMe67FOj4J_WaONxRAUw_rxw.Nqj377fhoVsYagJouxNjAQ"
  response:
    status:
      code: 201
      message: 
    headers:
      content-security-policy:
      - default-src 'self' 'unsafe-inline';
      content-type:
      - application/json
      date:
      - Wed, 08 Nov 2017 21:12:13 GMT
      set-cookie:
      - rememberMe=deleteMe; Path=/; Max-Age=0; Expires=Tue, 07-Nov-2017 21:12:13
        GMT
      x-content-type-options:
      - nosniff
      x-frame-options:
      - deny
      x-xss-protection:
      - 1; mode=block
      content-length:
      - '102'
      connection:
      - keep-alive
    body:
      encoding: UTF-8
      string: |-
        {
          "id" : 9,
          "child_identified" : false,
          "child_in_home" : false,
          "identified_children" : [ ]
        }
    http_version: 
  recorded_at: Wed, 08 Nov 2017 21:12:13 GMT
- request:
    method: get
    uri: https://calsapi.preint.cwds.io/dictionaries/name-suffix-types
    body:
      encoding: US-ASCII
      string: ''
    headers:
      Content-type:
      - application/json
      Authorization:
      - "..UlVcfJ2RbNRn7pNq.eQP7eGnJGstEKbRIjFyO5lkBrPK9dCzkD7JztmnrNpF3syqRmmZWs7e8VOOaIuBycPJjvK-RC37hgKsHEWfDNla-Ksqqh0b1dqRRrKR3zba_l1njcKwm2zD8ADAhzaMRZ0unh8nl6JwyBmfI6XVFr8uMG8w7k9NcNYf8HB4RAB0gctnFrcwBFv9hqKWrbWPf4jE7MOhUD8y6AsYLSpp-kMPtScqYRmP6bin3GlU-keUKdn0mpdmQ4UCzR6n3wau858qxfKkamupsCTIMv-_U81g-KgLvGXDTTQWKlgNcvdiHGq3kIhL0iIVn-pGYwE4kaA8BG97pw5aGHQ89DUPbPrPHJrWSCpY79w8A4lKHhiFf7DgvVHPnKjTiWVaRYV-GcSarvV7VsVZ1stRvdqW2eDjSad36Ra-HTLba0x_4zUM3lEX3fkxwxVmDvugRG_cdbOTuuVjkaDrxvybg77iKYYDSkp5ClvqeRahwGNLOCqybz5ZzsjDc_eUEdJMRv_L-Jg6JfA2kZcJFdD5JrBxfONj-LQbtnx5CKNjhHVUN59t_uktJUBBVwZ9KHPl3SlJ5ztgd4bakP9wtPJ4UA-cPgApwddM059QgXL8jxDU-NO6zbRQ82yN3kSqObEpgOobiLH9u9NfGou9fhNScTF5hse64c_ccJw9Iovfq1kumn62DcKNRxKosFvIG_LDZgQsXh2h6dygLjRvi6XhgY0-8mqHfK03t-Kedhll1UiRTHavqPQk9cYymKUfSrrYDHTtteePf-dgoZ6rUVFpJEM8hAGcTZKim0ZtyGCuaLBzRplV1-i6TIhY6VMqP3YCwslL54OdEcGM7uUuhBQiooGTCjmY08DTV2FxhS-RAYVTE08ZrCLnuU00WBY0thTaJt5ZrCZi092bgEfjLK2y0wXIqtSQqVNNvPUR3F1O_19bzT7YKmJFBRAjd_5PUWrJx165LSlWwH1169OilaqqkLRwpBMfbIPS-Lz0-MTw9VaLGVzA_okTt8nUMe67FOj4J_WaONxRAUw_rxw.Nqj377fhoVsYagJouxNjAQ"
  response:
    status:
      code: 200
      message: 
    headers:
      content-security-policy:
      - default-src 'self' 'unsafe-inline';
      content-type:
      - application/json
      date:
      - Wed, 08 Nov 2017 21:12:13 GMT
      set-cookie:
      - rememberMe=deleteMe; Path=/; Max-Age=0; Expires=Tue, 07-Nov-2017 21:12:13
        GMT
      vary:
      - Accept-Encoding
      x-content-type-options:
      - nosniff
      x-frame-options:
      - deny
      x-xss-protection:
      - 1; mode=block
      content-length:
      - '123'
      connection:
      - keep-alive
    body:
      encoding: ASCII-8BIT
      string: |-
        {
          "items" : [ {
            "value" : "Esq",
            "id" : 1
          }, {
            "value" : "II",
            "id" : 2
          }, {
            "value" : "III",
            "id" : 3
          }, {
            "value" : "IV",
            "id" : 4
          }, {
            "value" : "JD",
            "id" : 9
          }, {
            "value" : "Jr",
            "id" : 5
          }, {
            "value" : "MD",
            "id" : 7
          }, {
            "value" : "PhD",
            "id" : 8
          }, {
            "value" : "Sr",
            "id" : 6
          } ]
        }
    http_version: 
  recorded_at: Wed, 08 Nov 2017 21:12:13 GMT
- request:
    method: get
    uri: https://calsapi.preint.cwds.io/dictionaries/states
    body:
      encoding: US-ASCII
      string: ''
    headers:
      Content-type:
      - application/json
      Authorization:
      - "..UlVcfJ2RbNRn7pNq.eQP7eGnJGstEKbRIjFyO5lkBrPK9dCzkD7JztmnrNpF3syqRmmZWs7e8VOOaIuBycPJjvK-RC37hgKsHEWfDNla-Ksqqh0b1dqRRrKR3zba_l1njcKwm2zD8ADAhzaMRZ0unh8nl6JwyBmfI6XVFr8uMG8w7k9NcNYf8HB4RAB0gctnFrcwBFv9hqKWrbWPf4jE7MOhUD8y6AsYLSpp-kMPtScqYRmP6bin3GlU-keUKdn0mpdmQ4UCzR6n3wau858qxfKkamupsCTIMv-_U81g-KgLvGXDTTQWKlgNcvdiHGq3kIhL0iIVn-pGYwE4kaA8BG97pw5aGHQ89DUPbPrPHJrWSCpY79w8A4lKHhiFf7DgvVHPnKjTiWVaRYV-GcSarvV7VsVZ1stRvdqW2eDjSad36Ra-HTLba0x_4zUM3lEX3fkxwxVmDvugRG_cdbOTuuVjkaDrxvybg77iKYYDSkp5ClvqeRahwGNLOCqybz5ZzsjDc_eUEdJMRv_L-Jg6JfA2kZcJFdD5JrBxfONj-LQbtnx5CKNjhHVUN59t_uktJUBBVwZ9KHPl3SlJ5ztgd4bakP9wtPJ4UA-cPgApwddM059QgXL8jxDU-NO6zbRQ82yN3kSqObEpgOobiLH9u9NfGou9fhNScTF5hse64c_ccJw9Iovfq1kumn62DcKNRxKosFvIG_LDZgQsXh2h6dygLjRvi6XhgY0-8mqHfK03t-Kedhll1UiRTHavqPQk9cYymKUfSrrYDHTtteePf-dgoZ6rUVFpJEM8hAGcTZKim0ZtyGCuaLBzRplV1-i6TIhY6VMqP3YCwslL54OdEcGM7uUuhBQiooGTCjmY08DTV2FxhS-RAYVTE08ZrCLnuU00WBY0thTaJt5ZrCZi092bgEfjLK2y0wXIqtSQqVNNvPUR3F1O_19bzT7YKmJFBRAjd_5PUWrJx165LSlWwH1169OilaqqkLRwpBMfbIPS-Lz0-MTw9VaLGVzA_okTt8nUMe67FOj4J_WaONxRAUw_rxw.Nqj377fhoVsYagJouxNjAQ"
  response:
    status:
      code: 200
      message: 
    headers:
      content-security-policy:
      - default-src 'self' 'unsafe-inline';
      content-type:
      - application/json
      date:
      - Wed, 08 Nov 2017 21:12:13 GMT
      set-cookie:
      - rememberMe=deleteMe; Path=/; Max-Age=0; Expires=Tue, 07-Nov-2017 21:12:13
        GMT
      vary:
      - Accept-Encoding
      x-content-type-options:
      - nosniff
      x-frame-options:
      - deny
      x-xss-protection:
      - 1; mode=block
      content-length:
      - '647'
      connection:
      - keep-alive
    body:
      encoding: ASCII-8BIT
      string: |-
        {
          "items" : [ {
            "value" : "Alaska",
            "id" : "AK"
          }, {
            "value" : "Alabama",
            "id" : "AL"
          }, {
            "value" : "American Samoa",
            "id" : "AM"
          }, {
            "value" : "Arkansas",
            "id" : "AR"
          }, {
            "value" : "Arizona",
            "id" : "AZ"
          }, {
            "value" : "California",
            "id" : "CA"
          }, {
            "value" : "Northern Marianas Islands",
            "id" : "CM"
          }, {
            "value" : "Colorado",
            "id" : "CO"
          }, {
            "value" : "Connecticut",
            "id" : "CT"
          }, {
            "value" : "Canal Zone",
            "id" : "CZ"
          }, {
            "value" : "District of Columbia",
            "id" : "DC"
          }, {
            "value" : "Delaware",
            "id" : "DE"
          }, {
            "value" : "Florida",
            "id" : "FL"
          }, {
            "value" : "Georgia",
            "id" : "GA"
          }, {
            "value" : "Guam",
            "id" : "GU"
          }, {
            "value" : "Hawaii",
            "id" : "HI"
          }, {
            "value" : "Iowa",
            "id" : "IA"
          }, {
            "value" : "Idaho",
            "id" : "ID"
          }, {
            "value" : "Illinois",
            "id" : "IL"
          }, {
            "value" : "Indiana",
            "id" : "IN"
          }, {
            "value" : "Kansas",
            "id" : "KS"
          }, {
            "value" : "Kentucky",
            "id" : "KY"
          }, {
            "value" : "Louisiana",
            "id" : "LA"
          }, {
            "value" : "Massachusetts",
            "id" : "MA"
          }, {
            "value" : "Maryland",
            "id" : "MD"
          }, {
            "value" : "Maine",
            "id" : "ME"
          }, {
            "value" : "Michigan",
            "id" : "MI"
          }, {
            "value" : "Minnesota",
            "id" : "MN"
          }, {
            "value" : "Missouri",
            "id" : "MO"
          }, {
            "value" : "Mississippi",
            "id" : "MS"
          }, {
            "value" : "Montana",
            "id" : "MT"
          }, {
            "value" : "North Carolina",
            "id" : "NC"
          }, {
            "value" : "North Dakota",
            "id" : "ND"
          }, {
            "value" : "Nebraska",
            "id" : "NE"
          }, {
            "value" : "New Hampshire",
            "id" : "NH"
          }, {
            "value" : "New Jersey",
            "id" : "NJ"
          }, {
            "value" : "New Mexico",
            "id" : "NM"
          }, {
            "value" : "Nevada",
            "id" : "NV"
          }, {
            "value" : "New York",
            "id" : "NY"
          }, {
            "value" : "Ohio",
            "id" : "OH"
          }, {
            "value" : "Oklahoma",
            "id" : "OK"
          }, {
            "value" : "Oregon",
            "id" : "OR"
          }, {
            "value" : "Pennsylvania",
            "id" : "PA"
          }, {
            "value" : "Puerto Rico",
            "id" : "PR"
          }, {
            "value" : "Rhode Island",
            "id" : "RI"
          }, {
            "value" : "South Carolina",
            "id" : "SC"
          }, {
            "value" : "South Dakota",
            "id" : "SD"
          }, {
            "value" : "Tennessee",
            "id" : "TN"
          }, {
            "value" : "Trust Territories",
            "id" : "TT"
          }, {
            "value" : "Texas",
            "id" : "TX"
          }, {
            "value" : "Utah",
            "id" : "UT"
          }, {
            "value" : "Virginia",
            "id" : "VA"
          }, {
            "value" : "Virgin Islands",
            "id" : "VI"
          }, {
            "value" : "Vermont",
            "id" : "VT"
          }, {
            "value" : "Washington",
            "id" : "WA"
          }, {
            "value" : "Wisconsin",
            "id" : "WI"
          }, {
            "value" : "West Virginia",
            "id" : "WV"
          }, {
            "value" : "Wyoming",
            "id" : "WY"
          } ]
        }
    http_version: 
  recorded_at: Wed, 08 Nov 2017 21:12:13 GMT
- request:
    method: get
    uri: https://calsapi.preint.cwds.io/dictionaries/counties
    body:
      encoding: US-ASCII
      string: ''
    headers:
      Content-type:
      - application/json
      Authorization:
      - "..UlVcfJ2RbNRn7pNq.eQP7eGnJGstEKbRIjFyO5lkBrPK9dCzkD7JztmnrNpF3syqRmmZWs7e8VOOaIuBycPJjvK-RC37hgKsHEWfDNla-Ksqqh0b1dqRRrKR3zba_l1njcKwm2zD8ADAhzaMRZ0unh8nl6JwyBmfI6XVFr8uMG8w7k9NcNYf8HB4RAB0gctnFrcwBFv9hqKWrbWPf4jE7MOhUD8y6AsYLSpp-kMPtScqYRmP6bin3GlU-keUKdn0mpdmQ4UCzR6n3wau858qxfKkamupsCTIMv-_U81g-KgLvGXDTTQWKlgNcvdiHGq3kIhL0iIVn-pGYwE4kaA8BG97pw5aGHQ89DUPbPrPHJrWSCpY79w8A4lKHhiFf7DgvVHPnKjTiWVaRYV-GcSarvV7VsVZ1stRvdqW2eDjSad36Ra-HTLba0x_4zUM3lEX3fkxwxVmDvugRG_cdbOTuuVjkaDrxvybg77iKYYDSkp5ClvqeRahwGNLOCqybz5ZzsjDc_eUEdJMRv_L-Jg6JfA2kZcJFdD5JrBxfONj-LQbtnx5CKNjhHVUN59t_uktJUBBVwZ9KHPl3SlJ5ztgd4bakP9wtPJ4UA-cPgApwddM059QgXL8jxDU-NO6zbRQ82yN3kSqObEpgOobiLH9u9NfGou9fhNScTF5hse64c_ccJw9Iovfq1kumn62DcKNRxKosFvIG_LDZgQsXh2h6dygLjRvi6XhgY0-8mqHfK03t-Kedhll1UiRTHavqPQk9cYymKUfSrrYDHTtteePf-dgoZ6rUVFpJEM8hAGcTZKim0ZtyGCuaLBzRplV1-i6TIhY6VMqP3YCwslL54OdEcGM7uUuhBQiooGTCjmY08DTV2FxhS-RAYVTE08ZrCLnuU00WBY0thTaJt5ZrCZi092bgEfjLK2y0wXIqtSQqVNNvPUR3F1O_19bzT7YKmJFBRAjd_5PUWrJx165LSlWwH1169OilaqqkLRwpBMfbIPS-Lz0-MTw9VaLGVzA_okTt8nUMe67FOj4J_WaONxRAUw_rxw.Nqj377fhoVsYagJouxNjAQ"
  response:
    status:
      code: 200
      message: 
    headers:
      content-security-policy:
      - default-src 'self' 'unsafe-inline';
      content-type:
      - application/json
      date:
      - Wed, 08 Nov 2017 21:12:13 GMT
      set-cookie:
      - rememberMe=deleteMe; Path=/; Max-Age=0; Expires=Tue, 07-Nov-2017 21:12:13
        GMT
      vary:
      - Accept-Encoding
      x-content-type-options:
      - nosniff
      x-frame-options:
      - deny
      x-xss-protection:
      - 1; mode=block
      content-length:
      - '591'
      connection:
      - keep-alive
    body:
      encoding: ASCII-8BIT
      string: |-
        {
          "items" : [ {
            "value" : "Alameda",
            "id" : 1
          }, {
            "value" : "Alpine",
            "id" : 2
          }, {
            "value" : "Amador",
            "id" : 3
          }, {
            "value" : "Butte",
            "id" : 4
          }, {
            "value" : "Calaveras",
            "id" : 5
          }, {
            "value" : "Colusa",
            "id" : 6
          }, {
            "value" : "Contra Costa",
            "id" : 7
          }, {
            "value" : "Del Norte",
            "id" : 8
          }, {
            "value" : "El Dorado",
            "id" : 9
          }, {
            "value" : "Fresno",
            "id" : 10
          }, {
            "value" : "Glenn",
            "id" : 11
          }, {
            "value" : "Humboldt",
            "id" : 12
          }, {
            "value" : "Imperial",
            "id" : 13
          }, {
            "value" : "Inyo",
            "id" : 14
          }, {
            "value" : "Kern",
            "id" : 15
          }, {
            "value" : "Kings",
            "id" : 16
          }, {
            "value" : "Lake",
            "id" : 17
          }, {
            "value" : "Lassen",
            "id" : 18
          }, {
            "value" : "Los Angeles",
            "id" : 19
          }, {
            "value" : "Madera",
            "id" : 20
          }, {
            "value" : "Marin",
            "id" : 21
          }, {
            "value" : "Mariposa",
            "id" : 22
          }, {
            "value" : "Mendocino",
            "id" : 23
          }, {
            "value" : "Merced",
            "id" : 24
          }, {
            "value" : "Modoc",
            "id" : 25
          }, {
            "value" : "Mono",
            "id" : 26
          }, {
            "value" : "Monterey",
            "id" : 27
          }, {
            "value" : "Napa",
            "id" : 28
          }, {
            "value" : "Nevada",
            "id" : 29
          }, {
            "value" : "Orange",
            "id" : 30
          }, {
            "value" : "Placer",
            "id" : 31
          }, {
            "value" : "Plumas",
            "id" : 32
          }, {
            "value" : "Riverside",
            "id" : 33
          }, {
            "value" : "Sacramento",
            "id" : 34
          }, {
            "value" : "San Benito",
            "id" : 35
          }, {
            "value" : "San Bernardino",
            "id" : 36
          }, {
            "value" : "San Diego",
            "id" : 37
          }, {
            "value" : "San Francisco",
            "id" : 38
          }, {
            "value" : "San Joaquin",
            "id" : 39
          }, {
            "value" : "San Luis Obispo",
            "id" : 40
          }, {
            "value" : "San Mateo",
            "id" : 41
          }, {
            "value" : "Santa Barbara",
            "id" : 42
          }, {
            "value" : "Santa Clara",
            "id" : 43
          }, {
            "value" : "Santa Cruz",
            "id" : 44
          }, {
            "value" : "Shasta",
            "id" : 45
          }, {
            "value" : "Sierra",
            "id" : 46
          }, {
            "value" : "Siskiyou",
            "id" : 47
          }, {
            "value" : "Solano",
            "id" : 48
          }, {
            "value" : "Sonoma",
            "id" : 49
          }, {
            "value" : "Stanislaus",
            "id" : 50
          }, {
            "value" : "Sutter",
            "id" : 51
          }, {
            "value" : "Tehama",
            "id" : 52
          }, {
            "value" : "Trinity",
            "id" : 53
          }, {
            "value" : "Tulare",
            "id" : 54
          }, {
            "value" : "Tuolumne",
            "id" : 55
          }, {
            "value" : "Ventura",
            "id" : 56
          }, {
            "value" : "Yolo",
            "id" : 57
          }, {
            "value" : "Yuba",
            "id" : 58
          }, {
            "value" : "State of California",
            "id" : 59
          } ]
        }
    http_version: 
  recorded_at: Wed, 08 Nov 2017 21:12:13 GMT
- request:
    method: get
    uri: https://calsapi.preint.cwds.io/dictionaries/genders
    body:
      encoding: US-ASCII
      string: ''
    headers:
      Content-type:
      - application/json
      Authorization:
      - "..UlVcfJ2RbNRn7pNq.eQP7eGnJGstEKbRIjFyO5lkBrPK9dCzkD7JztmnrNpF3syqRmmZWs7e8VOOaIuBycPJjvK-RC37hgKsHEWfDNla-Ksqqh0b1dqRRrKR3zba_l1njcKwm2zD8ADAhzaMRZ0unh8nl6JwyBmfI6XVFr8uMG8w7k9NcNYf8HB4RAB0gctnFrcwBFv9hqKWrbWPf4jE7MOhUD8y6AsYLSpp-kMPtScqYRmP6bin3GlU-keUKdn0mpdmQ4UCzR6n3wau858qxfKkamupsCTIMv-_U81g-KgLvGXDTTQWKlgNcvdiHGq3kIhL0iIVn-pGYwE4kaA8BG97pw5aGHQ89DUPbPrPHJrWSCpY79w8A4lKHhiFf7DgvVHPnKjTiWVaRYV-GcSarvV7VsVZ1stRvdqW2eDjSad36Ra-HTLba0x_4zUM3lEX3fkxwxVmDvugRG_cdbOTuuVjkaDrxvybg77iKYYDSkp5ClvqeRahwGNLOCqybz5ZzsjDc_eUEdJMRv_L-Jg6JfA2kZcJFdD5JrBxfONj-LQbtnx5CKNjhHVUN59t_uktJUBBVwZ9KHPl3SlJ5ztgd4bakP9wtPJ4UA-cPgApwddM059QgXL8jxDU-NO6zbRQ82yN3kSqObEpgOobiLH9u9NfGou9fhNScTF5hse64c_ccJw9Iovfq1kumn62DcKNRxKosFvIG_LDZgQsXh2h6dygLjRvi6XhgY0-8mqHfK03t-Kedhll1UiRTHavqPQk9cYymKUfSrrYDHTtteePf-dgoZ6rUVFpJEM8hAGcTZKim0ZtyGCuaLBzRplV1-i6TIhY6VMqP3YCwslL54OdEcGM7uUuhBQiooGTCjmY08DTV2FxhS-RAYVTE08ZrCLnuU00WBY0thTaJt5ZrCZi092bgEfjLK2y0wXIqtSQqVNNvPUR3F1O_19bzT7YKmJFBRAjd_5PUWrJx165LSlWwH1169OilaqqkLRwpBMfbIPS-Lz0-MTw9VaLGVzA_okTt8nUMe67FOj4J_WaONxRAUw_rxw.Nqj377fhoVsYagJouxNjAQ"
  response:
    status:
      code: 200
      message: 
    headers:
      content-security-policy:
      - default-src 'self' 'unsafe-inline';
      content-type:
      - application/json
      date:
      - Wed, 08 Nov 2017 21:12:13 GMT
      set-cookie:
      - rememberMe=deleteMe; Path=/; Max-Age=0; Expires=Tue, 07-Nov-2017 21:12:13
        GMT
      vary:
      - Accept-Encoding
      x-content-type-options:
      - nosniff
      x-frame-options:
      - deny
      x-xss-protection:
      - 1; mode=block
      content-length:
      - '104'
      connection:
      - keep-alive
    body:
      encoding: UTF-8
      string: |-
        {
          "items" : [ {
            "value" : "Male",
            "id" : 1
          }, {
            "value" : "Female",
            "id" : 2
          } ]
        }
    http_version: 
  recorded_at: Wed, 08 Nov 2017 21:12:13 GMT
- request:
    method: get
    uri: https://calsapi.preint.cwds.io/dictionaries/school-grades
    body:
      encoding: US-ASCII
      string: ''
    headers:
      Content-type:
      - application/json
      Authorization:
      - "..UlVcfJ2RbNRn7pNq.eQP7eGnJGstEKbRIjFyO5lkBrPK9dCzkD7JztmnrNpF3syqRmmZWs7e8VOOaIuBycPJjvK-RC37hgKsHEWfDNla-Ksqqh0b1dqRRrKR3zba_l1njcKwm2zD8ADAhzaMRZ0unh8nl6JwyBmfI6XVFr8uMG8w7k9NcNYf8HB4RAB0gctnFrcwBFv9hqKWrbWPf4jE7MOhUD8y6AsYLSpp-kMPtScqYRmP6bin3GlU-keUKdn0mpdmQ4UCzR6n3wau858qxfKkamupsCTIMv-_U81g-KgLvGXDTTQWKlgNcvdiHGq3kIhL0iIVn-pGYwE4kaA8BG97pw5aGHQ89DUPbPrPHJrWSCpY79w8A4lKHhiFf7DgvVHPnKjTiWVaRYV-GcSarvV7VsVZ1stRvdqW2eDjSad36Ra-HTLba0x_4zUM3lEX3fkxwxVmDvugRG_cdbOTuuVjkaDrxvybg77iKYYDSkp5ClvqeRahwGNLOCqybz5ZzsjDc_eUEdJMRv_L-Jg6JfA2kZcJFdD5JrBxfONj-LQbtnx5CKNjhHVUN59t_uktJUBBVwZ9KHPl3SlJ5ztgd4bakP9wtPJ4UA-cPgApwddM059QgXL8jxDU-NO6zbRQ82yN3kSqObEpgOobiLH9u9NfGou9fhNScTF5hse64c_ccJw9Iovfq1kumn62DcKNRxKosFvIG_LDZgQsXh2h6dygLjRvi6XhgY0-8mqHfK03t-Kedhll1UiRTHavqPQk9cYymKUfSrrYDHTtteePf-dgoZ6rUVFpJEM8hAGcTZKim0ZtyGCuaLBzRplV1-i6TIhY6VMqP3YCwslL54OdEcGM7uUuhBQiooGTCjmY08DTV2FxhS-RAYVTE08ZrCLnuU00WBY0thTaJt5ZrCZi092bgEfjLK2y0wXIqtSQqVNNvPUR3F1O_19bzT7YKmJFBRAjd_5PUWrJx165LSlWwH1169OilaqqkLRwpBMfbIPS-Lz0-MTw9VaLGVzA_okTt8nUMe67FOj4J_WaONxRAUw_rxw.Nqj377fhoVsYagJouxNjAQ"
  response:
    status:
      code: 200
      message: 
    headers:
      content-security-policy:
      - default-src 'self' 'unsafe-inline';
      content-type:
      - application/json
      date:
      - Wed, 08 Nov 2017 21:12:13 GMT
      set-cookie:
      - rememberMe=deleteMe; Path=/; Max-Age=0; Expires=Tue, 07-Nov-2017 21:12:13
        GMT
      vary:
      - Accept-Encoding
      x-content-type-options:
      - nosniff
      x-frame-options:
      - deny
      x-xss-protection:
      - 1; mode=block
      content-length:
      - '157'
      connection:
      - keep-alive
    body:
      encoding: ASCII-8BIT
      string: |-
        {
          "items" : [ {
            "value" : "TK",
            "id" : 1
          }, {
            "value" : "K",
            "id" : 2
          }, {
            "value" : "1",
            "id" : 3
          }, {
            "value" : "2",
            "id" : 4
          }, {
            "value" : "3",
            "id" : 5
          }, {
            "value" : "4",
            "id" : 6
          }, {
            "value" : "5",
            "id" : 7
          }, {
            "value" : "6",
            "id" : 8
          }, {
            "value" : "7",
            "id" : 9
          }, {
            "value" : "8",
            "id" : 10
          }, {
            "value" : "9",
            "id" : 11
          }, {
            "value" : "10",
            "id" : 12
          }, {
            "value" : "11",
            "id" : 13
          }, {
            "value" : "12",
            "id" : 14
          }, {
            "value" : "College +",
            "id" : 15
          } ]
        }
    http_version: 
  recorded_at: Wed, 08 Nov 2017 21:12:13 GMT
- request:
    method: get
    uri: https://calsapi.preint.cwds.io/rfa-1a-forms/47/rfa-1c-forms/9
    body:
      encoding: US-ASCII
      string: ''
    headers:
      Content-type:
      - application/json
      Authorization:
      - "..UlVcfJ2RbNRn7pNq.eQP7eGnJGstEKbRIjFyO5lkBrPK9dCzkD7JztmnrNpF3syqRmmZWs7e8VOOaIuBycPJjvK-RC37hgKsHEWfDNla-Ksqqh0b1dqRRrKR3zba_l1njcKwm2zD8ADAhzaMRZ0unh8nl6JwyBmfI6XVFr8uMG8w7k9NcNYf8HB4RAB0gctnFrcwBFv9hqKWrbWPf4jE7MOhUD8y6AsYLSpp-kMPtScqYRmP6bin3GlU-keUKdn0mpdmQ4UCzR6n3wau858qxfKkamupsCTIMv-_U81g-KgLvGXDTTQWKlgNcvdiHGq3kIhL0iIVn-pGYwE4kaA8BG97pw5aGHQ89DUPbPrPHJrWSCpY79w8A4lKHhiFf7DgvVHPnKjTiWVaRYV-GcSarvV7VsVZ1stRvdqW2eDjSad36Ra-HTLba0x_4zUM3lEX3fkxwxVmDvugRG_cdbOTuuVjkaDrxvybg77iKYYDSkp5ClvqeRahwGNLOCqybz5ZzsjDc_eUEdJMRv_L-Jg6JfA2kZcJFdD5JrBxfONj-LQbtnx5CKNjhHVUN59t_uktJUBBVwZ9KHPl3SlJ5ztgd4bakP9wtPJ4UA-cPgApwddM059QgXL8jxDU-NO6zbRQ82yN3kSqObEpgOobiLH9u9NfGou9fhNScTF5hse64c_ccJw9Iovfq1kumn62DcKNRxKosFvIG_LDZgQsXh2h6dygLjRvi6XhgY0-8mqHfK03t-Kedhll1UiRTHavqPQk9cYymKUfSrrYDHTtteePf-dgoZ6rUVFpJEM8hAGcTZKim0ZtyGCuaLBzRplV1-i6TIhY6VMqP3YCwslL54OdEcGM7uUuhBQiooGTCjmY08DTV2FxhS-RAYVTE08ZrCLnuU00WBY0thTaJt5ZrCZi092bgEfjLK2y0wXIqtSQqVNNvPUR3F1O_19bzT7YKmJFBRAjd_5PUWrJx165LSlWwH1169OilaqqkLRwpBMfbIPS-Lz0-MTw9VaLGVzA_okTt8nUMe67FOj4J_WaONxRAUw_rxw.Nqj377fhoVsYagJouxNjAQ"
  response:
    status:
      code: 200
      message: 
    headers:
      content-security-policy:
      - default-src 'self' 'unsafe-inline';
      content-type:
      - application/json
      date:
      - Wed, 08 Nov 2017 21:12:13 GMT
      set-cookie:
      - rememberMe=deleteMe; Path=/; Max-Age=0; Expires=Tue, 07-Nov-2017 21:12:13
        GMT
      vary:
      - Accept-Encoding
      x-content-type-options:
      - nosniff
      x-frame-options:
      - deny
      x-xss-protection:
      - 1; mode=block
      content-length:
      - '102'
      connection:
      - keep-alive
    body:
      encoding: UTF-8
      string: |-
        {
          "id" : 9,
          "child_identified" : false,
          "child_in_home" : false,
          "identified_children" : [ ]
        }
    http_version: 
  recorded_at: Wed, 08 Nov 2017 21:12:13 GMT
- request:
    method: get
    uri: https://calsapi.preint.cwds.io/rfa-1a-forms/47
    body:
      encoding: US-ASCII
      string: ''
    headers:
      Content-type:
      - application/json
      Authorization:
      - "..UlVcfJ2RbNRn7pNq.eQP7eGnJGstEKbRIjFyO5lkBrPK9dCzkD7JztmnrNpF3syqRmmZWs7e8VOOaIuBycPJjvK-RC37hgKsHEWfDNla-Ksqqh0b1dqRRrKR3zba_l1njcKwm2zD8ADAhzaMRZ0unh8nl6JwyBmfI6XVFr8uMG8w7k9NcNYf8HB4RAB0gctnFrcwBFv9hqKWrbWPf4jE7MOhUD8y6AsYLSpp-kMPtScqYRmP6bin3GlU-keUKdn0mpdmQ4UCzR6n3wau858qxfKkamupsCTIMv-_U81g-KgLvGXDTTQWKlgNcvdiHGq3kIhL0iIVn-pGYwE4kaA8BG97pw5aGHQ89DUPbPrPHJrWSCpY79w8A4lKHhiFf7DgvVHPnKjTiWVaRYV-GcSarvV7VsVZ1stRvdqW2eDjSad36Ra-HTLba0x_4zUM3lEX3fkxwxVmDvugRG_cdbOTuuVjkaDrxvybg77iKYYDSkp5ClvqeRahwGNLOCqybz5ZzsjDc_eUEdJMRv_L-Jg6JfA2kZcJFdD5JrBxfONj-LQbtnx5CKNjhHVUN59t_uktJUBBVwZ9KHPl3SlJ5ztgd4bakP9wtPJ4UA-cPgApwddM059QgXL8jxDU-NO6zbRQ82yN3kSqObEpgOobiLH9u9NfGou9fhNScTF5hse64c_ccJw9Iovfq1kumn62DcKNRxKosFvIG_LDZgQsXh2h6dygLjRvi6XhgY0-8mqHfK03t-Kedhll1UiRTHavqPQk9cYymKUfSrrYDHTtteePf-dgoZ6rUVFpJEM8hAGcTZKim0ZtyGCuaLBzRplV1-i6TIhY6VMqP3YCwslL54OdEcGM7uUuhBQiooGTCjmY08DTV2FxhS-RAYVTE08ZrCLnuU00WBY0thTaJt5ZrCZi092bgEfjLK2y0wXIqtSQqVNNvPUR3F1O_19bzT7YKmJFBRAjd_5PUWrJx165LSlWwH1169OilaqqkLRwpBMfbIPS-Lz0-MTw9VaLGVzA_okTt8nUMe67FOj4J_WaONxRAUw_rxw.Nqj377fhoVsYagJouxNjAQ"
  response:
    status:
      code: 200
      message: 
    headers:
      content-security-policy:
      - default-src 'self' 'unsafe-inline';
      content-type:
      - application/json
      date:
      - Wed, 08 Nov 2017 21:12:13 GMT
      set-cookie:
      - rememberMe=deleteMe; Path=/; Max-Age=0; Expires=Tue, 07-Nov-2017 21:12:13
        GMT
      vary:
      - Accept-Encoding
      x-content-type-options:
      - nosniff
      x-frame-options:
      - deny
      x-xss-protection:
      - 1; mode=block
      content-length:
      - '78'
      connection:
      - keep-alive
    body:
      encoding: UTF-8
      string: |-
        {
          "id" : 47,
          "is_initial_application" : false,
          "is_other_type" : false
        }
    http_version: 
  recorded_at: Wed, 08 Nov 2017 21:12:13 GMT
recorded_with: VCR 3.0.3
